MAP
  # Defaults
  NAME "Planwise"
  STATUS ON

  CONFIG "PROJ_LIB" "/usr/share/proj/"

  # Debugging
  #CONFIG "MS_ERRORFILE" "/var/log/mapserver.log"
  #CONFIG "CPL_DEBUG" "ON"
  #CONFIG "PROJ_DEBUG" "ON"
  #DEBUG 5

  # Do not crash if there is missing data
  CONFIG "ON_MISSING_DATA" "IGNORE"

  # Define projection used by leaflet
  PROJECTION
    "proj=longlat"
    "ellps=WGS84"
    "datum=WGS84"
    "no_defs"
    ""
  END

  # WMS requests performed by mapcache
  WEB
    METADATA
      WMS_TITLE "Planwise"
      WMS_ENABLE_REQUEST "*"
      WMS_FORMAT "image/png"
      WMS_SRS "EPSG:3857"
    END
  END

  IMAGETYPE PNG

  # The OUTPUTFORMAT object it's only used to set TRANSPARENT ON, this settings makes
  # the NODATA value pixels transparent. The rest of the options are the default ones
  # (http://mapserver.org/ar/mapfile/outputformat.html)
  OUTPUTFORMAT
    NAME "png"
    DRIVER AGG/PNG
    MIMETYPE "image/png"
    IMAGEMODE RGBA
    EXTENSION "png"
    FORMATOPTION "GAMMA=0.75"
    TRANSPARENT ON
  END

  LAYER
    VALIDATION
      "DATAFILE" "^[A-Za-z0-9_/]+$"
      "default_DATAFILE" "no_datafile"
    END

    NAME "Population"
    DATA '/data/%DATAFILE%.tif'
    TYPE RASTER

    METADATA
      WMS_TITLE "Population"
      WMS_SRS "EPSG:3857"
    END

    PROJECTION
      "proj=longlat"
      "ellps=WGS84"
      "datum=WGS84"
      "no_defs"
      ""
    END

    # The STATUS option allows 3 different values ON|OFF|DEFAULT. DEFAULT is the only
    # one that leave it always visible
    STATUS DEFAULT

    # FastCGI support disabled
    # PROCESSING "CLOSE_CONNECTION=DEFER"

    # Scale experimenting
    #PROCESSING "SCALE=0,10"
    #PROCESSING "SCALE_BUCKETS=256"

    # Opacity is handled directly by leaflet, hence is left out here
    # OPACITY 50

    # The NODATA value of the raster is negative, therefore after the scaling it's mapped to 0.
    # This class will catch the NODATA values and the pixels that have less than 0.03 habitants because
    # the that's the range of each unit (8/255).
    CLASS
      NAME "nodata"
      EXPRESSION ([pixel] < 1)
      STYLE
        OPACITY 0
        COLOR 0 0 0
      END
    END

    # IMPORTANT!
    # Class definitions should be kept in sync with the map's legend stylesheet
    CLASS
      NAME "c1"
      EXPRESSION ([pixel] < 2)
      STYLE
        COLOR 255 220 0
      END
    END

    CLASS
      NAME "c2"
      EXPRESSION ([pixel] < 7)
      STYLE
        COLOR 255 193 0
      END
    END

    CLASS
      NAME "c3"
      EXPRESSION ([pixel] < 64)
      STYLE
        COLOR 255 173 0
      END
    END

    CLASS
      NAME "c4"
      EXPRESSION ([pixel] < 254)
      STYLE
        COLOR 255 133 0
      END
    END

    CLASS
      NAME "c5"
      EXPRESSION ([pixel] >= 254)
      STYLE
        COLOR 255 8 0
      END
    END

  END # LAYER
END # MAP
